Enter a character to fill the grid:
Enter rows and columns of X's:
X X 
X X 
X X 
X X 
X X 
X X 
X X 
X X 
X X 
X X 
