Enter a character to fill the grid:
Enter rows and columns of !'s:
! ! ! ! ! ! ! ! ! ! ! ! 
! ! ! ! ! ! ! ! ! ! ! ! 
! ! ! ! ! ! ! ! ! ! ! ! 
